[0.243s] DEBUG:colcon:Command line arguments: ['/usr/bin/colcon', 'build', '--symlink-install', '--packages-select', 'dq_cpp']
[0.243s] DEBUG:colcon:Parsed command line arguments: Namespace(log_base=None, log_level=None, verb_name='build', build_base='build', install_base='install', merge_install=False, symlink_install=True, test_result_base=None, continue_on_error=False, executor='parallel', parallel_workers=8, event_handlers=None, ignore_user_meta=False, metas=['./colcon.meta'], base_paths=['.'], packages_ignore=None, packages_ignore_regex=None, paths=None, packages_up_to=None, packages_up_to_regex=None, packages_above=None, packages_above_and_dependencies=None, packages_above_depth=None, packages_select_by_dep=None, packages_skip_by_dep=None, packages_skip_up_to=None, packages_select_build_failed=False, packages_skip_build_finished=False, packages_select_test_failures=False, packages_skip_test_passed=False, packages_select=['dq_cpp'], packages_skip=None, packages_select_regex=None, packages_skip_regex=None, packages_start=None, packages_end=None, cmake_args=None, cmake_target=None, cmake_target_skip_unavailable=False, cmake_clean_cache=False, cmake_clean_first=False, cmake_force_configure=False, ament_cmake_args=None, catkin_cmake_args=None, catkin_skip_building_tests=False, mixin_files=None, mixin=None, verb_parser=<colcon_mixin.mixin.mixin_argument.MixinArgumentDecorator object at 0x7f5491539090>, verb_extension=<colcon_core.verb.build.BuildVerb object at 0x7f5491538a00>, main=<bound method BuildVerb.main of <colcon_core.verb.build.BuildVerb object at 0x7f5491538a00>>, mixin_verb=('build',))
[0.540s] Level 1:colcon.colcon_core.package_discovery:discover_packages(colcon_meta) check parameters
[0.540s] Level 1:colcon.colcon_core.package_discovery:discover_packages(recursive) check parameters
[0.540s] Level 1:colcon.colcon_core.package_discovery:discover_packages(ignore) check parameters
[0.540s] Level 1:colcon.colcon_core.package_discovery:discover_packages(path) check parameters
[0.541s] Level 1:colcon.colcon_core.package_discovery:discover_packages(colcon_meta) discover
[0.541s] Level 1:colcon.colcon_core.package_discovery:discover_packages(recursive) discover
[0.541s] INFO:colcon.colcon_core.package_discovery:Crawling recursively for packages in '/home/ws/src/dq_nmpc'
[0.541s] Level 1:colcon.colcon_core.package_identification:_identify(.) by extensions ['ignore', 'ignore_ament_install']
[0.541s] Level 1:colcon.colcon_core.package_identification:_identify(.) by extension 'ignore'
[0.541s] Level 1:colcon.colcon_core.package_identification:_identify(.) by extension 'ignore_ament_install'
[0.541s] Level 1:colcon.colcon_core.package_identification:_identify(.) by extensions ['colcon_pkg']
[0.541s] Level 1:colcon.colcon_core.package_identification:_identify(.) by extension 'colcon_pkg'
[0.541s] Level 1:colcon.colcon_core.package_identification:_identify(.) by extensions ['colcon_meta']
[0.541s] Level 1:colcon.colcon_core.package_identification:_identify(.) by extension 'colcon_meta'
[0.541s] Level 1:colcon.colcon_core.package_identification:_identify(.) by extensions ['ros']
[0.541s] Level 1:colcon.colcon_core.package_identification:_identify(.) by extension 'ros'
[0.555s] DEBUG:colcon.colcon_core.package_identification:Package '.' with type 'ros.ament_python' and name 'dq_nmpc'
[0.556s] Level 1:colcon.colcon_core.package_discovery:discover_packages(recursive) using defaults
[0.556s] Level 1:colcon.colcon_core.package_discovery:discover_packages(ignore) discover
[0.556s] Level 1:colcon.colcon_core.package_discovery:discover_packages(ignore) using defaults
[0.556s] Level 1:colcon.colcon_core.package_discovery:discover_packages(path) discover
[0.556s] Level 1:colcon.colcon_core.package_discovery:discover_packages(path) using defaults
[0.556s] WARNING:colcon.colcon_core.package_selection:ignoring unknown package 'dq_cpp' in --packages-select
[0.593s] INFO:colcon.colcon_core.package_selection:Skipping not selected package 'dq_nmpc' in '.'
[0.593s] INFO:colcon.colcon_core.executor:Executing jobs using 'parallel' executor
[0.594s] DEBUG:colcon.colcon_parallel_executor.executor.parallel:run_until_complete
[0.594s] DEBUG:colcon.colcon_parallel_executor.executor.parallel:closing loop
[0.594s] DEBUG:colcon.colcon_parallel_executor.executor.parallel:loop closed
[0.594s] DEBUG:colcon.colcon_parallel_executor.executor.parallel:run_until_complete finished with '0'
[0.594s] DEBUG:colcon.colcon_core.event_reactor:joining thread
[0.602s] INFO:colcon.colcon_core.plugin_system:Skipping extension 'colcon_notification.desktop_notification.terminal_notifier': Not used on non-Darwin systems
[0.602s] INFO:colcon.colcon_core.plugin_system:Skipping extension 'colcon_notification.desktop_notification.win32': Not used on non-Windows systems
[0.602s] INFO:colcon.colcon_notification.desktop_notification:Sending desktop notification using 'notify2'
[0.605s] DEBUG:colcon.colcon_notification.desktop_notification.notify2:Failed to initialize notify2: org.freedesktop.DBus.Error.Spawn.ExecFailed: /usr/bin/dbus-launch terminated abnormally without any error message
[0.605s] DEBUG:colcon.colcon_core.event_reactor:joined thread
[0.612s] INFO:colcon.colcon_core.plugin_system:Skipping extension 'colcon_core.shell.bat': Not used on non-Windows systems
[0.612s] INFO:colcon.colcon_core.shell:Creating prefix script '/home/ws/src/dq_nmpc/install/local_setup.ps1'
[0.614s] INFO:colcon.colcon_core.shell:Creating prefix util module '/home/ws/src/dq_nmpc/install/_local_setup_util_ps1.py'
[0.616s] INFO:colcon.colcon_core.shell:Creating prefix chain script '/home/ws/src/dq_nmpc/install/setup.ps1'
[0.618s] WARNING:colcon.colcon_core.prefix_path.colcon:The path '/home/ws/ws_payload/install' in the environment variable COLCON_PREFIX_PATH doesn't exist
[0.618s] WARNING:colcon.colcon_ros.prefix_path.ament:The path '/home/ws/ws_payload/install/waypoint_nav_plugin' in the environment variable AMENT_PREFIX_PATH doesn't exist
[0.618s] WARNING:colcon.colcon_ros.prefix_path.ament:The path '/home/ws/ws_payload/install/voxl2_rpm_interface' in the environment variable AMENT_PREFIX_PATH doesn't exist
[0.618s] WARNING:colcon.colcon_ros.prefix_path.ament:The path '/home/ws/ws_payload/install/trackers_manager' in the environment variable AMENT_PREFIX_PATH doesn't exist
[0.618s] WARNING:colcon.colcon_ros.prefix_path.ament:The path '/home/ws/ws_payload/install/std_trackers' in the environment variable AMENT_PREFIX_PATH doesn't exist
[0.618s] WARNING:colcon.colcon_ros.prefix_path.ament:The path '/home/ws/ws_payload/install/ros_traj_gen_utils' in the environment variable AMENT_PREFIX_PATH doesn't exist
[0.618s] WARNING:colcon.colcon_ros.prefix_path.ament:The path '/home/ws/ws_payload/install/traj_gen' in the environment variable AMENT_PREFIX_PATH doesn't exist
[0.619s] WARNING:colcon.colcon_ros.prefix_path.ament:The path '/home/ws/ws_payload/install/mav_manager' in the environment variable AMENT_PREFIX_PATH doesn't exist
[0.619s] WARNING:colcon.colcon_ros.prefix_path.ament:The path '/home/ws/ws_payload/install/trackers_msgs' in the environment variable AMENT_PREFIX_PATH doesn't exist
[0.619s] WARNING:colcon.colcon_ros.prefix_path.ament:The path '/home/ws/ws_payload/install/quadrotor_simulator' in the environment variable AMENT_PREFIX_PATH doesn't exist
[0.619s] WARNING:colcon.colcon_ros.prefix_path.ament:The path '/home/ws/ws_payload/install/payload_estimator' in the environment variable AMENT_PREFIX_PATH doesn't exist
[0.619s] WARNING:colcon.colcon_ros.prefix_path.ament:The path '/home/ws/ws_payload/install/nmpc_cpp' in the environment variable AMENT_PREFIX_PATH doesn't exist
[0.619s] WARNING:colcon.colcon_ros.prefix_path.ament:The path '/home/ws/ws_payload/install/mav_control' in the environment variable AMENT_PREFIX_PATH doesn't exist
[0.619s] WARNING:colcon.colcon_ros.prefix_path.ament:The path '/home/ws/ws_payload/install/quadrotor_msgs' in the environment variable AMENT_PREFIX_PATH doesn't exist
[0.619s] WARNING:colcon.colcon_ros.prefix_path.ament:The path '/home/ws/ws_payload/install/nmpc_control' in the environment variable AMENT_PREFIX_PATH doesn't exist
[0.619s] WARNING:colcon.colcon_ros.prefix_path.ament:The path '/home/ws/ws_payload/install/mesh_visualization' in the environment variable AMENT_PREFIX_PATH doesn't exist
[0.619s] WARNING:colcon.colcon_ros.prefix_path.ament:The path '/home/ws/ws_payload/install/mav_manager_test' in the environment variable AMENT_PREFIX_PATH doesn't exist
[0.619s] WARNING:colcon.colcon_ros.prefix_path.ament:The path '/home/ws/ws_payload/install/mav_manager_srv' in the environment variable AMENT_PREFIX_PATH doesn't exist
[0.619s] WARNING:colcon.colcon_ros.prefix_path.ament:The path '/home/ws/ws_payload/install/arpl_autonomy' in the environment variable AMENT_PREFIX_PATH doesn't exist
[0.621s] WARNING:colcon.colcon_ros.prefix_path.catkin:The path '/home/ws/ws_payload/install/waypoint_nav_plugin' in the environment variable CMAKE_PREFIX_PATH doesn't exist
[0.621s] WARNING:colcon.colcon_ros.prefix_path.catkin:The path '/home/ws/ws_payload/install/voxl2_rpm_interface' in the environment variable CMAKE_PREFIX_PATH doesn't exist
[0.621s] WARNING:colcon.colcon_ros.prefix_path.catkin:The path '/home/ws/ws_payload/install/trackers_manager' in the environment variable CMAKE_PREFIX_PATH doesn't exist
[0.621s] WARNING:colcon.colcon_ros.prefix_path.catkin:The path '/home/ws/ws_payload/install/std_trackers' in the environment variable CMAKE_PREFIX_PATH doesn't exist
[0.621s] WARNING:colcon.colcon_ros.prefix_path.catkin:The path '/home/ws/ws_payload/install/ros_traj_gen_utils' in the environment variable CMAKE_PREFIX_PATH doesn't exist
[0.621s] WARNING:colcon.colcon_ros.prefix_path.catkin:The path '/home/ws/ws_payload/install/traj_gen' in the environment variable CMAKE_PREFIX_PATH doesn't exist
[0.621s] WARNING:colcon.colcon_ros.prefix_path.catkin:The path '/home/ws/ws_payload/install/mav_manager' in the environment variable CMAKE_PREFIX_PATH doesn't exist
[0.621s] WARNING:colcon.colcon_ros.prefix_path.catkin:The path '/home/ws/ws_payload/install/trackers_msgs' in the environment variable CMAKE_PREFIX_PATH doesn't exist
[0.621s] WARNING:colcon.colcon_ros.prefix_path.catkin:The path '/home/ws/ws_payload/install/quadrotor_simulator' in the environment variable CMAKE_PREFIX_PATH doesn't exist
[0.621s] WARNING:colcon.colcon_ros.prefix_path.catkin:The path '/home/ws/ws_payload/install/payload_estimator' in the environment variable CMAKE_PREFIX_PATH doesn't exist
[0.621s] WARNING:colcon.colcon_ros.prefix_path.catkin:The path '/home/ws/ws_payload/install/nmpc_cpp' in the environment variable CMAKE_PREFIX_PATH doesn't exist
[0.621s] WARNING:colcon.colcon_ros.prefix_path.catkin:The path '/home/ws/ws_payload/install/mav_control' in the environment variable CMAKE_PREFIX_PATH doesn't exist
[0.621s] WARNING:colcon.colcon_ros.prefix_path.catkin:The path '/home/ws/ws_payload/install/quadrotor_msgs' in the environment variable CMAKE_PREFIX_PATH doesn't exist
[0.621s] WARNING:colcon.colcon_ros.prefix_path.catkin:The path '/home/ws/ws_payload/install/mesh_visualization' in the environment variable CMAKE_PREFIX_PATH doesn't exist
[0.621s] WARNING:colcon.colcon_ros.prefix_path.catkin:The path '/home/ws/ws_payload/install/mav_manager_srv' in the environment variable CMAKE_PREFIX_PATH doesn't exist
[0.621s] WARNING:colcon.colcon_ros.prefix_path.catkin:The path '/home/ws/ws_payload/install/arpl_autonomy' in the environment variable CMAKE_PREFIX_PATH doesn't exist
[0.622s] INFO:colcon.colcon_core.shell:Creating prefix script '/home/ws/src/dq_nmpc/install/local_setup.sh'
[0.623s] INFO:colcon.colcon_core.shell:Creating prefix util module '/home/ws/src/dq_nmpc/install/_local_setup_util_sh.py'
[0.623s] INFO:colcon.colcon_core.shell:Creating prefix chain script '/home/ws/src/dq_nmpc/install/setup.sh'
[0.627s] INFO:colcon.colcon_core.shell:Creating prefix script '/home/ws/src/dq_nmpc/install/local_setup.bash'
[0.627s] INFO:colcon.colcon_core.shell:Creating prefix chain script '/home/ws/src/dq_nmpc/install/setup.bash'
[0.631s] INFO:colcon.colcon_core.shell:Creating prefix script '/home/ws/src/dq_nmpc/install/local_setup.zsh'
[0.632s] INFO:colcon.colcon_core.shell:Creating prefix chain script '/home/ws/src/dq_nmpc/install/setup.zsh'
