[1.953s] Invoking command in '/ext3/ws_acp/src/dq_nmpc/build/dq_nmpc': PYTHONPATH=/ext3/ws_acp/src/dq_nmpc/build/dq_nmpc/prefix_override:/usr/lib/python3/dist-packages/colcon_core/task/python/colcon_distutils_commands:/ext3/ws_acp/src/dq_nmpc/install/dq_nmpc/lib/python3.10/site-packages:${PYTHONPATH} /usr/bin/python3 -W ignore:setup.py install is deprecated setup.py develop --editable --build-directory /ext3/ws_acp/src/dq_nmpc/build/dq_nmpc/build --no-deps symlink_data
[2.652s] /usr/local/lib/python3.10/dist-packages/setuptools_scm/_integration/setuptools.py:31: RuntimeWarning: 
[2.652s] ERROR: setuptools==59.6.0 is used in combination with setuptools_scm>=8.x
[2.652s] 
[2.652s] Your build configuration is incomplete and previously worked by accident!
[2.653s] setuptools_scm requires setuptools>=61
[2.653s] 
[2.653s] Suggested workaround if applicable:
[2.653s]  - migrating from the deprecated setup_requires mechanism to pep517/518
[2.653s]    and using a pyproject.toml to declare build dependencies
[2.653s]    which are reliably pre-installed before running the build tools
[2.653s] 
[2.653s]   warnings.warn(
[2.740s] running develop
[2.740s] /usr/lib/python3/dist-packages/setuptools/command/easy_install.py:158: EasyInstallDeprecationWarning: easy_install command is deprecated. Use build and pip and other standards-based tools.
[2.740s]   warnings.warn(
[3.303s] running egg_info
[3.303s] creating dq_nmpc.egg-info
[3.304s] writing dq_nmpc.egg-info/PKG-INFO
[3.304s] writing dependency_links to dq_nmpc.egg-info/dependency_links.txt
[3.305s] writing entry points to dq_nmpc.egg-info/entry_points.txt
[3.305s] writing requirements to dq_nmpc.egg-info/requires.txt
[3.305s] writing top-level names to dq_nmpc.egg-info/top_level.txt
[3.306s] writing manifest file 'dq_nmpc.egg-info/SOURCES.txt'
[3.488s] reading manifest file 'dq_nmpc.egg-info/SOURCES.txt'
[3.489s] writing manifest file 'dq_nmpc.egg-info/SOURCES.txt'
[3.584s] running build_ext
[3.584s] Creating /ext3/ws_acp/src/dq_nmpc/install/dq_nmpc/lib/python3.10/site-packages/dq-nmpc.egg-link (link to .)
[3.586s] Installing dq_nmpc script to /ext3/ws_acp/src/dq_nmpc/install/dq_nmpc/lib/dq_nmpc
[3.587s] 
[3.587s] Installed /ext3/ws_acp/src/dq_nmpc/build/dq_nmpc
[3.587s] running symlink_data
[3.588s] creating /ext3/ws_acp/src/dq_nmpc/install/dq_nmpc/share/ament_index
[3.588s] creating /ext3/ws_acp/src/dq_nmpc/install/dq_nmpc/share/ament_index/resource_index
[3.588s] creating /ext3/ws_acp/src/dq_nmpc/install/dq_nmpc/share/ament_index/resource_index/packages
[3.588s] symbolically linking /ext3/ws_acp/src/dq_nmpc/build/dq_nmpc/resource/dq_nmpc -> /ext3/ws_acp/src/dq_nmpc/install/dq_nmpc/share/ament_index/resource_index/packages
[3.588s] symbolically linking /ext3/ws_acp/src/dq_nmpc/build/dq_nmpc/package.xml -> /ext3/ws_acp/src/dq_nmpc/install/dq_nmpc/share/dq_nmpc
[3.679s] Invoked command in '/ext3/ws_acp/src/dq_nmpc/build/dq_nmpc' returned '0': PYTHONPATH=/ext3/ws_acp/src/dq_nmpc/build/dq_nmpc/prefix_override:/usr/lib/python3/dist-packages/colcon_core/task/python/colcon_distutils_commands:/ext3/ws_acp/src/dq_nmpc/install/dq_nmpc/lib/python3.10/site-packages:${PYTHONPATH} /usr/bin/python3 -W ignore:setup.py install is deprecated setup.py develop --editable --build-directory /ext3/ws_acp/src/dq_nmpc/build/dq_nmpc/build --no-deps symlink_data
