[0.258s] DEBUG:colcon:Command line arguments: ['/usr/bin/colcon', 'build', '--symlink-install']
[0.258s] DEBUG:colcon:Parsed command line arguments: Namespace(log_base=None, log_level=None, verb_name='build', build_base='build', install_base='install', merge_install=False, symlink_install=True, test_result_base=None, continue_on_error=False, executor='parallel', parallel_workers=4, event_handlers=None, ignore_user_meta=False, metas=['./colcon.meta'], base_paths=['.'], packages_ignore=None, packages_ignore_regex=None, paths=None, packages_up_to=None, packages_up_to_regex=None, packages_above=None, packages_above_and_dependencies=None, packages_above_depth=None, packages_select_by_dep=None, packages_skip_by_dep=None, packages_skip_up_to=None, packages_select_build_failed=False, packages_skip_build_finished=False, packages_select_test_failures=False, packages_skip_test_passed=False, packages_select=None, packages_skip=None, packages_select_regex=None, packages_skip_regex=None, packages_start=None, packages_end=None, allow_overriding=[], cmake_args=None, cmake_target=None, cmake_target_skip_unavailable=False, cmake_clean_cache=False, cmake_clean_first=False, cmake_force_configure=False, ament_cmake_args=None, catkin_cmake_args=None, catkin_skip_building_tests=False, verb_parser=<colcon_defaults.argument_parser.defaults.DefaultArgumentsDecorator object at 0xffffa7930850>, verb_extension=<colcon_core.verb.build.BuildVerb object at 0xffffa7ae1a80>, main=<bound method BuildVerb.main of <colcon_core.verb.build.BuildVerb object at 0xffffa7ae1a80>>)
[0.785s] Level 1:colcon.colcon_core.package_discovery:discover_packages(colcon_meta) check parameters
[0.785s] Level 1:colcon.colcon_core.package_discovery:discover_packages(recursive) check parameters
[0.786s] Level 1:colcon.colcon_core.package_discovery:discover_packages(ignore) check parameters
[0.786s] Level 1:colcon.colcon_core.package_discovery:discover_packages(path) check parameters
[0.786s] Level 1:colcon.colcon_core.package_discovery:discover_packages(colcon_meta) discover
[0.786s] Level 1:colcon.colcon_core.package_discovery:discover_packages(recursive) discover
[0.786s] INFO:colcon.colcon_core.package_discovery:Crawling recursively for packages in '/ext3/ws_acp/src/dq_nmpc'
[0.786s] Level 1:colcon.colcon_core.package_identification:_identify(.) by extensions ['ignore', 'ignore_ament_install']
[0.786s] Level 1:colcon.colcon_core.package_identification:_identify(.) by extension 'ignore'
[0.787s] Level 1:colcon.colcon_core.package_identification:_identify(.) by extension 'ignore_ament_install'
[0.787s] Level 1:colcon.colcon_core.package_identification:_identify(.) by extensions ['colcon_pkg']
[0.787s] Level 1:colcon.colcon_core.package_identification:_identify(.) by extension 'colcon_pkg'
[0.787s] Level 1:colcon.colcon_core.package_identification:_identify(.) by extensions ['colcon_meta']
[0.787s] Level 1:colcon.colcon_core.package_identification:_identify(.) by extension 'colcon_meta'
[0.787s] Level 1:colcon.colcon_core.package_identification:_identify(.) by extensions ['ros']
[0.787s] Level 1:colcon.colcon_core.package_identification:_identify(.) by extension 'ros'
[0.865s] DEBUG:colcon.colcon_core.package_identification:Package '.' with type 'ros.ament_python' and name 'dq_nmpc'
[0.865s] Level 1:colcon.colcon_core.package_discovery:discover_packages(recursive) using defaults
[0.866s] Level 1:colcon.colcon_core.package_discovery:discover_packages(ignore) discover
[0.866s] Level 1:colcon.colcon_core.package_discovery:discover_packages(ignore) using defaults
[0.866s] Level 1:colcon.colcon_core.package_discovery:discover_packages(path) discover
[0.866s] Level 1:colcon.colcon_core.package_discovery:discover_packages(path) using defaults
[0.910s] Level 1:colcon.colcon_core.package_discovery:discover_packages(prefix_path) check parameters
[0.910s] Level 1:colcon.colcon_core.package_discovery:discover_packages(prefix_path) discover
[0.924s] DEBUG:colcon.colcon_installed_package_information.package_discovery:Found 67 installed packages in /ext3/ws_acp/install
[0.927s] DEBUG:colcon.colcon_installed_package_information.package_discovery:Found 311 installed packages in /opt/ros/humble
[0.932s] Level 1:colcon.colcon_core.package_discovery:discover_packages(prefix_path) using defaults
[1.032s] Level 5:colcon.colcon_core.verb:set package 'dq_nmpc' build argument 'cmake_args' from command line to 'None'
[1.032s] Level 5:colcon.colcon_core.verb:set package 'dq_nmpc' build argument 'cmake_target' from command line to 'None'
[1.032s] Level 5:colcon.colcon_core.verb:set package 'dq_nmpc' build argument 'cmake_target_skip_unavailable' from command line to 'False'
[1.032s] Level 5:colcon.colcon_core.verb:set package 'dq_nmpc' build argument 'cmake_clean_cache' from command line to 'False'
[1.032s] Level 5:colcon.colcon_core.verb:set package 'dq_nmpc' build argument 'cmake_clean_first' from command line to 'False'
[1.032s] Level 5:colcon.colcon_core.verb:set package 'dq_nmpc' build argument 'cmake_force_configure' from command line to 'False'
[1.032s] Level 5:colcon.colcon_core.verb:set package 'dq_nmpc' build argument 'ament_cmake_args' from command line to 'None'
[1.032s] Level 5:colcon.colcon_core.verb:set package 'dq_nmpc' build argument 'catkin_cmake_args' from command line to 'None'
[1.032s] Level 5:colcon.colcon_core.verb:set package 'dq_nmpc' build argument 'catkin_skip_building_tests' from command line to 'False'
[1.033s] DEBUG:colcon.colcon_core.verb:Building package 'dq_nmpc' with the following arguments: {'ament_cmake_args': None, 'build_base': '/ext3/ws_acp/src/dq_nmpc/build/dq_nmpc', 'catkin_cmake_args': None, 'catkin_skip_building_tests': False, 'cmake_args': None, 'cmake_clean_cache': False, 'cmake_clean_first': False, 'cmake_force_configure': False, 'cmake_target': None, 'cmake_target_skip_unavailable': False, 'install_base': '/ext3/ws_acp/src/dq_nmpc/install/dq_nmpc', 'merge_install': False, 'path': '/ext3/ws_acp/src/dq_nmpc', 'symlink_install': True, 'test_result_base': None}
[1.033s] INFO:colcon.colcon_core.executor:Executing jobs using 'parallel' executor
[1.035s] DEBUG:colcon.colcon_parallel_executor.executor.parallel:run_until_complete
[1.035s] INFO:colcon.colcon_ros.task.ament_python.build:Building ROS package in '/ext3/ws_acp/src/dq_nmpc' with build type 'ament_python'
[1.036s] Level 1:colcon.colcon_core.shell:create_environment_hook('dq_nmpc', 'ament_prefix_path')
[1.041s] INFO:colcon.colcon_core.plugin_system:Skipping extension 'colcon_core.shell.bat': Not used on non-Windows systems
[1.042s] INFO:colcon.colcon_core.shell:Creating environment hook '/ext3/ws_acp/src/dq_nmpc/install/dq_nmpc/share/dq_nmpc/hook/ament_prefix_path.ps1'
[1.043s] INFO:colcon.colcon_core.shell:Creating environment descriptor '/ext3/ws_acp/src/dq_nmpc/install/dq_nmpc/share/dq_nmpc/hook/ament_prefix_path.dsv'
[1.044s] INFO:colcon.colcon_core.shell:Creating environment hook '/ext3/ws_acp/src/dq_nmpc/install/dq_nmpc/share/dq_nmpc/hook/ament_prefix_path.sh'
[1.045s] INFO:colcon.colcon_core.shell:Skip shell extension 'powershell' for command environment: Not usable outside of PowerShell
[1.046s] DEBUG:colcon.colcon_core.shell:Skip shell extension 'dsv' for command environment
[1.855s] INFO:colcon.colcon_core.task.python.build:Building Python package in '/ext3/ws_acp/src/dq_nmpc'
[1.856s] INFO:colcon.colcon_core.shell:Skip shell extension 'powershell' for command environment: Not usable outside of PowerShell
[1.856s] DEBUG:colcon.colcon_core.shell:Skip shell extension 'dsv' for command environment
[2.989s] DEBUG:colcon.colcon_core.event_handler.log_command:Invoking command in '/ext3/ws_acp/src/dq_nmpc/build/dq_nmpc': PYTHONPATH=/ext3/ws_acp/src/dq_nmpc/build/dq_nmpc/prefix_override:/usr/lib/python3/dist-packages/colcon_core/task/python/colcon_distutils_commands:/ext3/ws_acp/src/dq_nmpc/install/dq_nmpc/lib/python3.10/site-packages:${PYTHONPATH} /usr/bin/python3 -W ignore:setup.py install is deprecated setup.py develop --editable --build-directory /ext3/ws_acp/src/dq_nmpc/build/dq_nmpc/build --no-deps symlink_data
[4.714s] Level 1:colcon.colcon_core.shell:create_environment_hook('dq_nmpc', 'pythonpath_develop')
[4.715s] INFO:colcon.colcon_core.shell:Creating environment hook '/ext3/ws_acp/src/dq_nmpc/build/dq_nmpc/share/dq_nmpc/hook/pythonpath_develop.ps1'
[4.715s] DEBUG:colcon.colcon_core.event_handler.log_command:Invoked command in '/ext3/ws_acp/src/dq_nmpc/build/dq_nmpc' returned '0': PYTHONPATH=/ext3/ws_acp/src/dq_nmpc/build/dq_nmpc/prefix_override:/usr/lib/python3/dist-packages/colcon_core/task/python/colcon_distutils_commands:/ext3/ws_acp/src/dq_nmpc/install/dq_nmpc/lib/python3.10/site-packages:${PYTHONPATH} /usr/bin/python3 -W ignore:setup.py install is deprecated setup.py develop --editable --build-directory /ext3/ws_acp/src/dq_nmpc/build/dq_nmpc/build --no-deps symlink_data
[4.716s] INFO:colcon.colcon_core.shell:Creating environment descriptor '/ext3/ws_acp/src/dq_nmpc/build/dq_nmpc/share/dq_nmpc/hook/pythonpath_develop.dsv'
[4.717s] INFO:colcon.colcon_core.shell:Creating environment hook '/ext3/ws_acp/src/dq_nmpc/build/dq_nmpc/share/dq_nmpc/hook/pythonpath_develop.sh'
[4.724s] Level 1:colcon.colcon_core.environment:checking '/ext3/ws_acp/src/dq_nmpc/install/dq_nmpc' for CMake module files
[4.725s] Level 1:colcon.colcon_core.environment:checking '/ext3/ws_acp/src/dq_nmpc/install/dq_nmpc' for CMake config files
[4.726s] Level 1:colcon.colcon_core.environment:checking '/ext3/ws_acp/src/dq_nmpc/install/dq_nmpc/lib'
[4.727s] Level 1:colcon.colcon_core.environment:checking '/ext3/ws_acp/src/dq_nmpc/install/dq_nmpc/bin'
[4.727s] Level 1:colcon.colcon_core.environment:checking '/ext3/ws_acp/src/dq_nmpc/install/dq_nmpc/lib/pkgconfig/dq_nmpc.pc'
[4.728s] Level 1:colcon.colcon_core.environment:checking '/ext3/ws_acp/src/dq_nmpc/install/dq_nmpc/lib/python3.10/site-packages'
[4.728s] Level 1:colcon.colcon_core.shell:create_environment_hook('dq_nmpc', 'pythonpath')
[4.728s] INFO:colcon.colcon_core.shell:Creating environment hook '/ext3/ws_acp/src/dq_nmpc/install/dq_nmpc/share/dq_nmpc/hook/pythonpath.ps1'
[4.729s] INFO:colcon.colcon_core.shell:Creating environment descriptor '/ext3/ws_acp/src/dq_nmpc/install/dq_nmpc/share/dq_nmpc/hook/pythonpath.dsv'
[4.730s] INFO:colcon.colcon_core.shell:Creating environment hook '/ext3/ws_acp/src/dq_nmpc/install/dq_nmpc/share/dq_nmpc/hook/pythonpath.sh'
[4.731s] Level 1:colcon.colcon_core.environment:checking '/ext3/ws_acp/src/dq_nmpc/install/dq_nmpc/bin'
[4.731s] Level 1:colcon.colcon_core.environment:create_environment_scripts_only(dq_nmpc)
[4.732s] INFO:colcon.colcon_core.shell:Creating package script '/ext3/ws_acp/src/dq_nmpc/install/dq_nmpc/share/dq_nmpc/package.ps1'
[4.733s] INFO:colcon.colcon_core.shell:Creating package descriptor '/ext3/ws_acp/src/dq_nmpc/install/dq_nmpc/share/dq_nmpc/package.dsv'
[4.734s] INFO:colcon.colcon_core.shell:Creating package script '/ext3/ws_acp/src/dq_nmpc/install/dq_nmpc/share/dq_nmpc/package.sh'
[4.736s] INFO:colcon.colcon_core.shell:Creating package script '/ext3/ws_acp/src/dq_nmpc/install/dq_nmpc/share/dq_nmpc/package.bash'
[4.737s] INFO:colcon.colcon_core.shell:Creating package script '/ext3/ws_acp/src/dq_nmpc/install/dq_nmpc/share/dq_nmpc/package.zsh'
[4.739s] Level 1:colcon.colcon_core.environment:create_file_with_runtime_dependencies(/ext3/ws_acp/src/dq_nmpc/install/dq_nmpc/share/colcon-core/packages/dq_nmpc)
[4.739s] DEBUG:colcon.colcon_parallel_executor.executor.parallel:closing loop
[4.740s] DEBUG:colcon.colcon_parallel_executor.executor.parallel:loop closed
[4.740s] DEBUG:colcon.colcon_parallel_executor.executor.parallel:run_until_complete finished with '0'
[4.740s] DEBUG:colcon.colcon_core.event_reactor:joining thread
[4.755s] INFO:colcon.colcon_core.plugin_system:Skipping extension 'colcon_notification.desktop_notification.notify_send': Could not find 'notify-send'
[4.755s] INFO:colcon.colcon_core.plugin_system:Skipping extension 'colcon_notification.desktop_notification.terminal_notifier': Not used on non-Darwin systems
[4.755s] INFO:colcon.colcon_core.plugin_system:Skipping extension 'colcon_notification.desktop_notification.win32': Not used on non-Windows systems
[4.755s] INFO:colcon.colcon_notification.desktop_notification:Sending desktop notification using 'notify2'
[4.755s] DEBUG:colcon.colcon_notification.desktop_notification.notify2:Failed to initialize notify2: org.freedesktop.DBus.Error.NotSupported: Unable to autolaunch a dbus-daemon without a $DISPLAY for X11
[4.755s] DEBUG:colcon.colcon_core.event_reactor:joined thread
[4.756s] INFO:colcon.colcon_core.shell:Creating prefix script '/ext3/ws_acp/src/dq_nmpc/install/local_setup.ps1'
[4.758s] INFO:colcon.colcon_core.shell:Creating prefix util module '/ext3/ws_acp/src/dq_nmpc/install/_local_setup_util_ps1.py'
[4.760s] INFO:colcon.colcon_core.shell:Creating prefix chain script '/ext3/ws_acp/src/dq_nmpc/install/setup.ps1'
[4.768s] INFO:colcon.colcon_core.shell:Creating prefix script '/ext3/ws_acp/src/dq_nmpc/install/local_setup.sh'
[4.769s] INFO:colcon.colcon_core.shell:Creating prefix util module '/ext3/ws_acp/src/dq_nmpc/install/_local_setup_util_sh.py'
[4.770s] INFO:colcon.colcon_core.shell:Creating prefix chain script '/ext3/ws_acp/src/dq_nmpc/install/setup.sh'
[4.777s] INFO:colcon.colcon_core.shell:Creating prefix script '/ext3/ws_acp/src/dq_nmpc/install/local_setup.bash'
[4.778s] INFO:colcon.colcon_core.shell:Creating prefix chain script '/ext3/ws_acp/src/dq_nmpc/install/setup.bash'
[4.786s] INFO:colcon.colcon_core.shell:Creating prefix script '/ext3/ws_acp/src/dq_nmpc/install/local_setup.zsh'
[4.787s] INFO:colcon.colcon_core.shell:Creating prefix chain script '/ext3/ws_acp/src/dq_nmpc/install/setup.zsh'
