[0.258s] DEBUG:colcon:Command line arguments: ['/usr/bin/colcon', 'build', '--symlink-install']
[0.258s] DEBUG:colcon:Parsed command line arguments: Namespace(log_base=None, log_level=None, verb_name='build', build_base='build', install_base='install', merge_install=False, symlink_install=True, test_result_base=None, continue_on_error=False, executor='parallel', parallel_workers=4, event_handlers=None, ignore_user_meta=False, metas=['./colcon.meta'], base_paths=['.'], packages_ignore=None, packages_ignore_regex=None, paths=None, packages_up_to=None, packages_up_to_regex=None, packages_above=None, packages_above_and_dependencies=None, packages_above_depth=None, packages_select_by_dep=None, packages_skip_by_dep=None, packages_skip_up_to=None, packages_select_build_failed=False, packages_skip_build_finished=False, packages_select_test_failures=False, packages_skip_test_passed=False, packages_select=None, packages_skip=None, packages_select_regex=None, packages_skip_regex=None, packages_start=None, packages_end=None, allow_overriding=[], cmake_args=None, cmake_target=None, cmake_target_skip_unavailable=False, cmake_clean_cache=False, cmake_clean_first=False, cmake_force_configure=False, ament_cmake_args=None, catkin_cmake_args=None, catkin_skip_building_tests=False, verb_parser=<colcon_defaults.argument_parser.defaults.DefaultArgumentsDecorator object at 0xffff8ad30850>, verb_extension=<colcon_core.verb.build.BuildVerb object at 0xffff8aee1a80>, main=<bound method BuildVerb.main of <colcon_core.verb.build.BuildVerb object at 0xffff8aee1a80>>)
[0.746s] Level 1:colcon.colcon_core.package_discovery:discover_packages(colcon_meta) check parameters
[0.746s] Level 1:colcon.colcon_core.package_discovery:discover_packages(recursive) check parameters
[0.746s] Level 1:colcon.colcon_core.package_discovery:discover_packages(ignore) check parameters
[0.746s] Level 1:colcon.colcon_core.package_discovery:discover_packages(path) check parameters
[0.746s] Level 1:colcon.colcon_core.package_discovery:discover_packages(colcon_meta) discover
[0.746s] Level 1:colcon.colcon_core.package_discovery:discover_packages(recursive) discover
[0.746s] INFO:colcon.colcon_core.package_discovery:Crawling recursively for packages in '/ext3/ws_acp/src/dq_nmpc'
[0.747s] Level 1:colcon.colcon_core.package_identification:_identify(.) by extensions ['ignore', 'ignore_ament_install']
[0.747s] Level 1:colcon.colcon_core.package_identification:_identify(.) by extension 'ignore'
[0.747s] Level 1:colcon.colcon_core.package_identification:_identify(.) by extension 'ignore_ament_install'
[0.747s] Level 1:colcon.colcon_core.package_identification:_identify(.) by extensions ['colcon_pkg']
[0.747s] Level 1:colcon.colcon_core.package_identification:_identify(.) by extension 'colcon_pkg'
[0.747s] Level 1:colcon.colcon_core.package_identification:_identify(.) by extensions ['colcon_meta']
[0.747s] Level 1:colcon.colcon_core.package_identification:_identify(.) by extension 'colcon_meta'
[0.748s] Level 1:colcon.colcon_core.package_identification:_identify(.) by extensions ['ros']
[0.748s] Level 1:colcon.colcon_core.package_identification:_identify(.) by extension 'ros'
[0.827s] DEBUG:colcon.colcon_core.package_identification:Package '.' with type 'ros.ament_python' and name 'dq_nmpc'
[0.827s] Level 1:colcon.colcon_core.package_discovery:discover_packages(recursive) using defaults
[0.827s] Level 1:colcon.colcon_core.package_discovery:discover_packages(ignore) discover
[0.827s] Level 1:colcon.colcon_core.package_discovery:discover_packages(ignore) using defaults
[0.827s] Level 1:colcon.colcon_core.package_discovery:discover_packages(path) discover
[0.827s] Level 1:colcon.colcon_core.package_discovery:discover_packages(path) using defaults
[0.871s] Level 1:colcon.colcon_core.package_discovery:discover_packages(prefix_path) check parameters
[0.871s] Level 1:colcon.colcon_core.package_discovery:discover_packages(prefix_path) discover
[0.885s] DEBUG:colcon.colcon_installed_package_information.package_discovery:Found 67 installed packages in /ext3/ws_acp/install
[0.889s] DEBUG:colcon.colcon_installed_package_information.package_discovery:Found 311 installed packages in /opt/ros/humble
[0.894s] Level 1:colcon.colcon_core.package_discovery:discover_packages(prefix_path) using defaults
[0.994s] Level 5:colcon.colcon_core.verb:set package 'dq_nmpc' build argument 'cmake_args' from command line to 'None'
[0.994s] Level 5:colcon.colcon_core.verb:set package 'dq_nmpc' build argument 'cmake_target' from command line to 'None'
[0.994s] Level 5:colcon.colcon_core.verb:set package 'dq_nmpc' build argument 'cmake_target_skip_unavailable' from command line to 'False'
[0.994s] Level 5:colcon.colcon_core.verb:set package 'dq_nmpc' build argument 'cmake_clean_cache' from command line to 'False'
[0.994s] Level 5:colcon.colcon_core.verb:set package 'dq_nmpc' build argument 'cmake_clean_first' from command line to 'False'
[0.994s] Level 5:colcon.colcon_core.verb:set package 'dq_nmpc' build argument 'cmake_force_configure' from command line to 'False'
[0.994s] Level 5:colcon.colcon_core.verb:set package 'dq_nmpc' build argument 'ament_cmake_args' from command line to 'None'
[0.994s] Level 5:colcon.colcon_core.verb:set package 'dq_nmpc' build argument 'catkin_cmake_args' from command line to 'None'
[0.994s] Level 5:colcon.colcon_core.verb:set package 'dq_nmpc' build argument 'catkin_skip_building_tests' from command line to 'False'
[0.995s] DEBUG:colcon.colcon_core.verb:Building package 'dq_nmpc' with the following arguments: {'ament_cmake_args': None, 'build_base': '/ext3/ws_acp/src/dq_nmpc/build/dq_nmpc', 'catkin_cmake_args': None, 'catkin_skip_building_tests': False, 'cmake_args': None, 'cmake_clean_cache': False, 'cmake_clean_first': False, 'cmake_force_configure': False, 'cmake_target': None, 'cmake_target_skip_unavailable': False, 'install_base': '/ext3/ws_acp/src/dq_nmpc/install/dq_nmpc', 'merge_install': False, 'path': '/ext3/ws_acp/src/dq_nmpc', 'symlink_install': True, 'test_result_base': None}
[0.995s] INFO:colcon.colcon_core.executor:Executing jobs using 'parallel' executor
[0.997s] DEBUG:colcon.colcon_parallel_executor.executor.parallel:run_until_complete
[0.997s] INFO:colcon.colcon_ros.task.ament_python.build:Building ROS package in '/ext3/ws_acp/src/dq_nmpc' with build type 'ament_python'
[0.998s] Level 1:colcon.colcon_core.shell:create_environment_hook('dq_nmpc', 'ament_prefix_path')
[1.003s] INFO:colcon.colcon_core.plugin_system:Skipping extension 'colcon_core.shell.bat': Not used on non-Windows systems
[1.003s] INFO:colcon.colcon_core.shell:Creating environment hook '/ext3/ws_acp/src/dq_nmpc/install/dq_nmpc/share/dq_nmpc/hook/ament_prefix_path.ps1'
[1.004s] INFO:colcon.colcon_core.shell:Creating environment descriptor '/ext3/ws_acp/src/dq_nmpc/install/dq_nmpc/share/dq_nmpc/hook/ament_prefix_path.dsv'
[1.005s] INFO:colcon.colcon_core.shell:Creating environment hook '/ext3/ws_acp/src/dq_nmpc/install/dq_nmpc/share/dq_nmpc/hook/ament_prefix_path.sh'
[1.007s] INFO:colcon.colcon_core.shell:Skip shell extension 'powershell' for command environment: Not usable outside of PowerShell
[1.007s] DEBUG:colcon.colcon_core.shell:Skip shell extension 'dsv' for command environment
[1.817s] INFO:colcon.colcon_core.task.python.build:Building Python package in '/ext3/ws_acp/src/dq_nmpc'
[1.818s] INFO:colcon.colcon_core.shell:Skip shell extension 'powershell' for command environment: Not usable outside of PowerShell
[1.818s] DEBUG:colcon.colcon_core.shell:Skip shell extension 'dsv' for command environment
[2.953s] DEBUG:colcon.colcon_core.event_handler.log_command:Invoking command in '/ext3/ws_acp/src/dq_nmpc/build/dq_nmpc': PYTHONPATH=/ext3/ws_acp/src/dq_nmpc/build/dq_nmpc/prefix_override:/usr/lib/python3/dist-packages/colcon_core/task/python/colcon_distutils_commands:/ext3/ws_acp/src/dq_nmpc/install/dq_nmpc/lib/python3.10/site-packages:${PYTHONPATH} /usr/bin/python3 -W ignore:setup.py install is deprecated setup.py develop --editable --build-directory /ext3/ws_acp/src/dq_nmpc/build/dq_nmpc/build --no-deps symlink_data
[4.633s] Level 1:colcon.colcon_core.shell:create_environment_hook('dq_nmpc', 'pythonpath_develop')
[4.634s] INFO:colcon.colcon_core.shell:Creating environment hook '/ext3/ws_acp/src/dq_nmpc/build/dq_nmpc/share/dq_nmpc/hook/pythonpath_develop.ps1'
[4.635s] DEBUG:colcon.colcon_core.event_handler.log_command:Invoked command in '/ext3/ws_acp/src/dq_nmpc/build/dq_nmpc' returned '0': PYTHONPATH=/ext3/ws_acp/src/dq_nmpc/build/dq_nmpc/prefix_override:/usr/lib/python3/dist-packages/colcon_core/task/python/colcon_distutils_commands:/ext3/ws_acp/src/dq_nmpc/install/dq_nmpc/lib/python3.10/site-packages:${PYTHONPATH} /usr/bin/python3 -W ignore:setup.py install is deprecated setup.py develop --editable --build-directory /ext3/ws_acp/src/dq_nmpc/build/dq_nmpc/build --no-deps symlink_data
[4.636s] INFO:colcon.colcon_core.shell:Creating environment descriptor '/ext3/ws_acp/src/dq_nmpc/build/dq_nmpc/share/dq_nmpc/hook/pythonpath_develop.dsv'
[4.636s] INFO:colcon.colcon_core.shell:Creating environment hook '/ext3/ws_acp/src/dq_nmpc/build/dq_nmpc/share/dq_nmpc/hook/pythonpath_develop.sh'
[4.643s] Level 1:colcon.colcon_core.environment:checking '/ext3/ws_acp/src/dq_nmpc/install/dq_nmpc' for CMake module files
[4.644s] Level 1:colcon.colcon_core.environment:checking '/ext3/ws_acp/src/dq_nmpc/install/dq_nmpc' for CMake config files
[4.646s] Level 1:colcon.colcon_core.environment:checking '/ext3/ws_acp/src/dq_nmpc/install/dq_nmpc/lib'
[4.646s] Level 1:colcon.colcon_core.environment:checking '/ext3/ws_acp/src/dq_nmpc/install/dq_nmpc/bin'
[4.646s] Level 1:colcon.colcon_core.environment:checking '/ext3/ws_acp/src/dq_nmpc/install/dq_nmpc/lib/pkgconfig/dq_nmpc.pc'
[4.647s] Level 1:colcon.colcon_core.environment:checking '/ext3/ws_acp/src/dq_nmpc/install/dq_nmpc/lib/python3.10/site-packages'
[4.647s] Level 1:colcon.colcon_core.shell:create_environment_hook('dq_nmpc', 'pythonpath')
[4.647s] INFO:colcon.colcon_core.shell:Creating environment hook '/ext3/ws_acp/src/dq_nmpc/install/dq_nmpc/share/dq_nmpc/hook/pythonpath.ps1'
[4.648s] INFO:colcon.colcon_core.shell:Creating environment descriptor '/ext3/ws_acp/src/dq_nmpc/install/dq_nmpc/share/dq_nmpc/hook/pythonpath.dsv'
[4.649s] INFO:colcon.colcon_core.shell:Creating environment hook '/ext3/ws_acp/src/dq_nmpc/install/dq_nmpc/share/dq_nmpc/hook/pythonpath.sh'
[4.650s] Level 1:colcon.colcon_core.environment:checking '/ext3/ws_acp/src/dq_nmpc/install/dq_nmpc/bin'
[4.650s] Level 1:colcon.colcon_core.environment:create_environment_scripts_only(dq_nmpc)
[4.650s] INFO:colcon.colcon_core.shell:Creating package script '/ext3/ws_acp/src/dq_nmpc/install/dq_nmpc/share/dq_nmpc/package.ps1'
[4.652s] INFO:colcon.colcon_core.shell:Creating package descriptor '/ext3/ws_acp/src/dq_nmpc/install/dq_nmpc/share/dq_nmpc/package.dsv'
[4.653s] INFO:colcon.colcon_core.shell:Creating package script '/ext3/ws_acp/src/dq_nmpc/install/dq_nmpc/share/dq_nmpc/package.sh'
[4.654s] INFO:colcon.colcon_core.shell:Creating package script '/ext3/ws_acp/src/dq_nmpc/install/dq_nmpc/share/dq_nmpc/package.bash'
[4.656s] INFO:colcon.colcon_core.shell:Creating package script '/ext3/ws_acp/src/dq_nmpc/install/dq_nmpc/share/dq_nmpc/package.zsh'
[4.657s] Level 1:colcon.colcon_core.environment:create_file_with_runtime_dependencies(/ext3/ws_acp/src/dq_nmpc/install/dq_nmpc/share/colcon-core/packages/dq_nmpc)
[4.658s] DEBUG:colcon.colcon_parallel_executor.executor.parallel:closing loop
[4.658s] DEBUG:colcon.colcon_parallel_executor.executor.parallel:loop closed
[4.658s] DEBUG:colcon.colcon_parallel_executor.executor.parallel:run_until_complete finished with '0'
[4.658s] DEBUG:colcon.colcon_core.event_reactor:joining thread
[4.672s] INFO:colcon.colcon_core.plugin_system:Skipping extension 'colcon_notification.desktop_notification.notify_send': Could not find 'notify-send'
[4.672s] INFO:colcon.colcon_core.plugin_system:Skipping extension 'colcon_notification.desktop_notification.terminal_notifier': Not used on non-Darwin systems
[4.673s] INFO:colcon.colcon_core.plugin_system:Skipping extension 'colcon_notification.desktop_notification.win32': Not used on non-Windows systems
[4.673s] INFO:colcon.colcon_notification.desktop_notification:Sending desktop notification using 'notify2'
[4.673s] DEBUG:colcon.colcon_notification.desktop_notification.notify2:Failed to initialize notify2: org.freedesktop.DBus.Error.NotSupported: Unable to autolaunch a dbus-daemon without a $DISPLAY for X11
[4.673s] DEBUG:colcon.colcon_core.event_reactor:joined thread
[4.674s] INFO:colcon.colcon_core.shell:Creating prefix script '/ext3/ws_acp/src/dq_nmpc/install/local_setup.ps1'
[4.675s] INFO:colcon.colcon_core.shell:Creating prefix util module '/ext3/ws_acp/src/dq_nmpc/install/_local_setup_util_ps1.py'
[4.678s] INFO:colcon.colcon_core.shell:Creating prefix chain script '/ext3/ws_acp/src/dq_nmpc/install/setup.ps1'
[4.686s] INFO:colcon.colcon_core.shell:Creating prefix script '/ext3/ws_acp/src/dq_nmpc/install/local_setup.sh'
[4.686s] INFO:colcon.colcon_core.shell:Creating prefix util module '/ext3/ws_acp/src/dq_nmpc/install/_local_setup_util_sh.py'
[4.687s] INFO:colcon.colcon_core.shell:Creating prefix chain script '/ext3/ws_acp/src/dq_nmpc/install/setup.sh'
[4.695s] INFO:colcon.colcon_core.shell:Creating prefix script '/ext3/ws_acp/src/dq_nmpc/install/local_setup.bash'
[4.696s] INFO:colcon.colcon_core.shell:Creating prefix chain script '/ext3/ws_acp/src/dq_nmpc/install/setup.bash'
[4.703s] INFO:colcon.colcon_core.shell:Creating prefix script '/ext3/ws_acp/src/dq_nmpc/install/local_setup.zsh'
[4.704s] INFO:colcon.colcon_core.shell:Creating prefix chain script '/ext3/ws_acp/src/dq_nmpc/install/setup.zsh'
